============================= test session starts =============================
platform win32 -- Python 3.10.0, pytest-8.4.1, pluggy-1.6.0 -- C:\Users\veram\OneDrive\Escritorio\Agente Busqueda\venv310\Scripts\python.exe
cachedir: .pytest_cache
rootdir: C:\Users\veram\OneDrive\Escritorio\Agente Busqueda
plugins: cov-6.2.1, requests-mock-1.12.1
collecting ... collected 2 items / 10 errors

=================================== ERRORS ====================================
____________ ERROR collecting tests/agents/test_agente_contacts.py ____________
ImportError while importing test module 'C:\Users\veram\OneDrive\Escritorio\Agente Busqueda\tests\agents\test_agente_contacts.py'.
Hint: make sure your test modules/packages have valid Python names.
Traceback:
C:\Program Files\Python310\lib\importlib\__init__.py:126: in import_module
    return _bootstrap._gcd_import(name[level:], package, level)
tests\agents\test_agente_contacts.py:6: in <module>
    from agents.agente_contacts import AgenteContacts
agents\__init__.py:1: in <module>
    from .agente_ml import AgenteML
agents\agente_ml.py:11: in <module>
    from utils.api_client import APIClient
E   ModuleNotFoundError: No module named 'utils.api_client'
_____________ ERROR collecting tests/agents/test_agente_filtro.py _____________
ImportError while importing test module 'C:\Users\veram\OneDrive\Escritorio\Agente Busqueda\tests\agents\test_agente_filtro.py'.
Hint: make sure your test modules/packages have valid Python names.
Traceback:
C:\Program Files\Python310\lib\importlib\__init__.py:126: in import_module
    return _bootstrap._gcd_import(name[level:], package, level)
tests\agents\test_agente_filtro.py:6: in <module>
    from agents.agente_filtro import AgenteFiltro
agents\__init__.py:1: in <module>
    from .agente_ml import AgenteML
agents\agente_ml.py:11: in <module>
    from utils.api_client import APIClient
E   ModuleNotFoundError: No module named 'utils.api_client'
_____________ ERROR collecting tests/agents/test_agente_gmaps.py ______________
ImportError while importing test module 'C:\Users\veram\OneDrive\Escritorio\Agente Busqueda\tests\agents\test_agente_gmaps.py'.
Hint: make sure your test modules/packages have valid Python names.
Traceback:
C:\Program Files\Python310\lib\importlib\__init__.py:126: in import_module
    return _bootstrap._gcd_import(name[level:], package, level)
tests\agents\test_agente_gmaps.py:6: in <module>
    from agents.agente_gmaps import AgenteGMaps
agents\__init__.py:1: in <module>
    from .agente_ml import AgenteML
agents\agente_ml.py:11: in <module>
    from utils.api_client import APIClient
E   ModuleNotFoundError: No module named 'utils.api_client'
_____________ ERROR collecting tests/agents/test_agente_google.py _____________
ImportError while importing test module 'C:\Users\veram\OneDrive\Escritorio\Agente Busqueda\tests\agents\test_agente_google.py'.
Hint: make sure your test modules/packages have valid Python names.
Traceback:
C:\Program Files\Python310\lib\importlib\__init__.py:126: in import_module
    return _bootstrap._gcd_import(name[level:], package, level)
tests\agents\test_agente_google.py:6: in <module>
    from agents.agente_google import AgenteGoogle
agents\__init__.py:1: in <module>
    from .agente_ml import AgenteML
agents\agente_ml.py:11: in <module>
    from utils.api_client import APIClient
E   ModuleNotFoundError: No module named 'utils.api_client'
_______________ ERROR collecting tests/agents/test_agente_ml.py _______________
ImportError while importing test module 'C:\Users\veram\OneDrive\Escritorio\Agente Busqueda\tests\agents\test_agente_ml.py'.
Hint: make sure your test modules/packages have valid Python names.
Traceback:
C:\Program Files\Python310\lib\importlib\__init__.py:126: in import_module
    return _bootstrap._gcd_import(name[level:], package, level)
tests\agents\test_agente_ml.py:6: in <module>
    from agents.agente_ml import AgenteML
agents\__init__.py:1: in <module>
    from .agente_ml import AgenteML
agents\agente_ml.py:11: in <module>
    from utils.api_client import APIClient
E   ModuleNotFoundError: No module named 'utils.api_client'
____________ ERROR collecting tests/agents/test_agente_ranking.py _____________
ImportError while importing test module 'C:\Users\veram\OneDrive\Escritorio\Agente Busqueda\tests\agents\test_agente_ranking.py'.
Hint: make sure your test modules/packages have valid Python names.
Traceback:
C:\Program Files\Python310\lib\importlib\__init__.py:126: in import_module
    return _bootstrap._gcd_import(name[level:], package, level)
tests\agents\test_agente_ranking.py:6: in <module>
    from agents.agente_ranking import AgenteRanking
agents\__init__.py:1: in <module>
    from .agente_ml import AgenteML
agents\agente_ml.py:11: in <module>
    from utils.api_client import APIClient
E   ModuleNotFoundError: No module named 'utils.api_client'
______________ ERROR collecting tests/agents/test_formatters.py _______________
ImportError while importing test module 'C:\Users\veram\OneDrive\Escritorio\Agente Busqueda\tests\agents\test_formatters.py'.
Hint: make sure your test modules/packages have valid Python names.
Traceback:
C:\Program Files\Python310\lib\importlib\__init__.py:126: in import_module
    return _bootstrap._gcd_import(name[level:], package, level)
tests\agents\test_formatters.py:22: in <module>
    from agents.agente_gmaps import AgenteGMaps, search_business
agents\__init__.py:1: in <module>
    from .agente_ml import AgenteML
agents\agente_ml.py:11: in <module>
    from utils.api_client import APIClient
E   ModuleNotFoundError: No module named 'utils.api_client'
________________ ERROR collecting tests/test_agente_ml_real.py ________________
ImportError while importing test module 'C:\Users\veram\OneDrive\Escritorio\Agente Busqueda\tests\test_agente_ml_real.py'.
Hint: make sure your test modules/packages have valid Python names.
Traceback:
C:\Program Files\Python310\lib\importlib\__init__.py:126: in import_module
    return _bootstrap._gcd_import(name[level:], package, level)
tests\test_agente_ml_real.py:11: in <module>
    from utils.api_client import APIClient
E   ModuleNotFoundError: No module named 'utils.api_client'
________________ ERROR collecting tests/test_gmaps_mejorado.py ________________
ImportError while importing test module 'C:\Users\veram\OneDrive\Escritorio\Agente Busqueda\tests\test_gmaps_mejorado.py'.
Hint: make sure your test modules/packages have valid Python names.
Traceback:
C:\Program Files\Python310\lib\importlib\__init__.py:126: in import_module
    return _bootstrap._gcd_import(name[level:], package, level)
tests\test_gmaps_mejorado.py:18: in <module>
    from agents.agente_gmaps import AgenteGMaps, search_business
agents\__init__.py:1: in <module>
    from .agente_ml import AgenteML
agents\agente_ml.py:11: in <module>
    from utils.api_client import APIClient
E   ModuleNotFoundError: No module named 'utils.api_client'
___________________ ERROR collecting tests/test_imports.py ____________________
ImportError while importing test module 'C:\Users\veram\OneDrive\Escritorio\Agente Busqueda\tests\test_imports.py'.
Hint: make sure your test modules/packages have valid Python names.
Traceback:
C:\Program Files\Python310\lib\importlib\__init__.py:126: in import_module
    return _bootstrap._gcd_import(name[level:], package, level)
tests\test_imports.py:18: in <module>
    from agents.agente_ml import AgenteML
agents\__init__.py:1: in <module>
    from .agente_ml import AgenteML
agents\agente_ml.py:11: in <module>
    from utils.api_client import APIClient
E   ModuleNotFoundError: No module named 'utils.api_client'
=========================== short test summary info ===========================
ERROR tests/agents/test_agente_contacts.py
ERROR tests/agents/test_agente_filtro.py
ERROR tests/agents/test_agente_gmaps.py
ERROR tests/agents/test_agente_google.py
ERROR tests/agents/test_agente_ml.py
ERROR tests/agents/test_agente_ranking.py
ERROR tests/agents/test_formatters.py
ERROR tests/test_agente_ml_real.py
ERROR tests/test_gmaps_mejorado.py
ERROR tests/test_imports.py
!!!!!!!!!!!!!!!!!!!!!!!!! stopping after 10 failures !!!!!!!!!!!!!!!!!!!!!!!!!!
============================= 10 errors in 5.03s ==============================
